// Vitest Snapshot v1, https://vitest.dev/guide/snapshot.html

exports[`Bazis label field catalog > keeps the observed 121-column .xbir catalog snapshot 1`] = `
[
  "№",
  "№ п/п",
  "Номер заказа",
  "Примечание к заказу",
  "Обозначение изделия",
  "Заказ модели",
  "Имя модели",
  "Артикул модели",
  "Материал",
  "Артикул материала",
  "Номер плиты",
  "Номер карты",
  "ID детали",
  "Наименование",
  "Позиция в изделии",
  "Обозначение в изделии",
  "Позиция",
  "Кол-во",
  "Толщина",
  "Длина детали",
  "Ширина детали",
  "Длина детали без кромки",
  "Ширина детали без кромки",
  "Длина заготовки",
  "Ширина заготовки",
  "Длина распиловочная",
  "Ширина распиловочная",
  "Гнутая",
  "Обрезок",
  "Срощенная деталь",
  "Размер объединения",
  "Повернута",
  "Ориентация",
  "См. чертеж",
  "Кромка L1 поз.",
  "Кромка L1 наим.",
  "Кромка L1 обозн.",
  "Кромка L1 толщ.",
  "Кромка L1 прип.",
  "Очередность L1",
  "Кромка L2 поз.",
  "Кромка L2 наим.",
  "Кромка L2 обозн.",
  "Кромка L2 толщ.",
  "Кромка L2 прип.",
  "Очередность L2",
  "Кромка W1 поз.",
  "Кромка W1 наим.",
  "Кромка W1 обозн.",
  "Кромка W1 толщ.",
  "Кромка W1 прип.",
  "Очередность W1",
  "Кромка W2 поз.",
  "Кромка W2 наим.",
  "Кромка W2 обозн.",
  "Кромка W2 толщ.",
  "Кромка W2 прип.",
  "Очередность W2",
  "Припуск слева",
  "Припуск сверху",
  "Припуск снизу",
  "Припуск справа",
  "Паз",
  "Комментарий",
  "X панели",
  "Y панели",
  "Периметр",
  "Площадь",
  "Объем",
  "Пластик",
  "Контур",
  "Кол. гл. отв. в пласть",
  "Кол. гл. отв. в пласть верх",
  "Кол. гл. отв. в пласть низ",
  "Кол. скв. отв. в пласть",
  "Кол. отв. в торец",
  "Кол. выемок",
  "Кол. прямол. пазов",
  "Кол. кривол. пазов",
  "Кол. отрезков",
  "Кол. окружностей",
  "Кол. дуг",
  "Эскиз",
  "Шаблон бирки",
  "Кол. панелей",
  "Кол. бирок",
  "N п/п",
  "Длина",
  "Ширина",
  "См.черт.",
  "Длина обрезка",
  "Ширина обрезка",
  "Приоритет",
  "Примечание",
  "Проект",
  "Кол. площ. панелей",
  "Лицевая сторона",
  "Сращивание",
  "Обозначение",
  "Номер позиции",
  "Доп. список",
  "Модель b3d",
  "Облицовка лицевая 1 Артикул",
  "Облицовка лицевая 1 Материал",
  "Облицовка лицевая 1 Толщина",
  "Облицовка лицевая 2 Артикул",
  "Облицовка лицевая 2 Материал",
  "Облицовка лицевая 2 Толщина",
  "Облицовка лицевая 3 Артикул",
  "Облицовка лицевая 3 Материал",
  "Облицовка лицевая 3 Толщина",
  "Облицовка не лицевая 1 Артикул",
  "Облицовка не лицевая 1 Материал",
  "Облицовка не лицевая 1 Толщина",
  "Облицовка не лицевая 2 Артикул",
  "Облицовка не лицевая 2 Материал",
  "Облицовка не лицевая 2 Толщина",
  "Облицовка не лицевая 3 Артикул",
  "Облицовка не лицевая 3 Материал",
  "Облицовка не лицевая 3 Толщина",
  "%Пользовательское свойство",
]
`;
